<html>
<body>
<pre>
<h1>µVision Build Log</h1>
<h2>Project:</h2>
C:\Users\Admin\Documents\lap trinh nhung NC\NVIC_STM32\MDK-ARM\NVIC_STM32.uvprojx
Project File Date:  11/05/2021

<h2>Output:</h2>
Build target 'NVIC_STM32'
compiling main.c...
linking...
Program Size: Code=3362 RO-data=454 RW-data=16 ZI-data=1632  
FromELF: creating hex file...
"NVIC_STM32\NVIC_STM32.axf" - 0 Error(s), 0 Warning(s).

<h2>Software Packages used:</h2>

Package Vendor: ARM
                http://www.keil.com/pack/ARM.CMSIS.4.1.0.pack
                ARM::CMSIS:CORE:3.30.0
                CMSIS (Cortex Microcontroller Software Interface Standard)
   * Component: CORE Version: 3.30.0

<h2>Collection of Component include folders:</h2>
  C:\Users\Admin\Documents\lap trinh nhung NC\NVIC_STM32\MDK-ARM\RTE
  C:\Keil_v5\ARM\PACK\ARM\CMSIS\4.1.0\CMSIS\Include

<h2>Collection of Component Files used:</h2>

   * Component: ARM::CMSIS:CORE:3.30.0
      Source file:   CMSIS\UserCodeTemplates\ARM\ITM_Retarget.c
</pre>
</body>
</html>
