<html>
<body>
<pre>
<h1>µVision Build Log</h1>
<h2>Project:</h2>
C:\Users\Admin\Documents\lap trinh nhung NC\LedTraiTim\MDK-ARM\LedTraiTim.uvprojx
Project File Date:  10/30/2021

<h2>Output:</h2>
Build target 'LedTraiTim'
compiling main.c...
../Core/Src/main.c(51): warning:  #1295-D: Deprecated declaration sangled - give arg types
  void sangled();
../Core/Src/main.c(52): warning:  #1295-D: Deprecated declaration tatled - give arg types
  void tatled();
../Core/Src/main.c(53): warning:  #1295-D: Deprecated declaration sanglanluot - give arg types
  void sanglanluot();
../Core/Src/main.c(54): warning:  #1295-D: Deprecated declaration sangtatlanluot - give arg types
  void sangtatlanluot();
../Core/Src/main.c: 4 warnings, 0 errors
linking...
Program Size: Code=5370 RO-data=454 RW-data=16 ZI-data=1632  
FromELF: creating hex file...
"LedTraiTim\LedTraiTim.axf" - 0 Error(s), 4 Warning(s).

<h2>Software Packages used:</h2>

Package Vendor: ARM
                http://www.keil.com/pack/ARM.CMSIS.4.1.0.pack
                ARM::CMSIS:CORE:3.30.0
                CMSIS (Cortex Microcontroller Software Interface Standard)
   * Component: CORE Version: 3.30.0

<h2>Collection of Component include folders:</h2>
  C:\Users\Admin\Documents\lap trinh nhung NC\LedTraiTim\MDK-ARM\RTE
  C:\Keil_v5\ARM\PACK\ARM\CMSIS\4.1.0\CMSIS\Include

<h2>Collection of Component Files used:</h2>

   * Component: ARM::CMSIS:CORE:3.30.0
      Source file:   CMSIS\UserCodeTemplates\ARM\ITM_Retarget.c
